2025-05-26 13:24:00 | WARN | repo=pv243-a4m36jee-2016-cdi-seminar | action=commit
2025-12-17 18:23:00 | WARN | repo=pv243-a4m36jee-2016-cdi-seminar | action=commit
2025-04-08 20:55:00 | DEBUG | repo=pv243-a4m36jee-2016-cdi-seminar | action=commit
2025-05-06 09:19:00 | DEBUG | repo=pv243-a4m36jee-2016-cdi-seminar | action=commit
2025-10-06 07:52:00 | WARN | repo=pv243-a4m36jee-2016-cdi-seminar | action=commit
2025-01-05 20:04:00 | INFO | repo=pv243-a4m36jee-2016-cdi-seminar | action=test | passed=true
2025-10-22 18:23:00 | DEBUG | repo=pv243-a4m36jee-2016-cdi-seminar | action=edit | files=2
2025-01-02 08:31:00 | INFO | repo=pv243-a4m36jee-2016-cdi-seminar | action=pull
2025-06-20 09:54:00 | DEBUG | repo=pv243-a4m36jee-2016-cdi-seminar | action=commit
2025-11-14 19:57:00 | INFO | repo=pv243-a4m36jee-2016-cdi-seminar | action=commit
2025-04-13 10:16:00 | WARN | repo=pv243-a4m36jee-2016-cdi-seminar | action=commit
2025-08-27 15:14:00 | DEBUG | repo=pv243-a4m36jee-2016-cdi-seminar | action=test | passed=true
2025-06-09 21:01:00 | INFO | repo=pv243-a4m36jee-2016-cdi-seminar | action=edit | files=4
2025-05-25 12:26:00 | WARN | repo=pv243-a4m36jee-2016-cdi-seminar | action=commit
2025-06-11 08:26:00 | WARN | repo=pv243-a4m36jee-2016-cdi-seminar | action=test | passed=true
2025-05-17 18:49:00 | INFO | repo=pv243-a4m36jee-2016-cdi-seminar | action=commit
2025-07-11 12:21:00 | DEBUG | repo=pv243-a4m36jee-2016-cdi-seminar | action=test | passed=true
2025-03-14 16:51:00 | DEBUG | repo=pv243-a4m36jee-2016-cdi-seminar | action=commit
2025-09-06 11:31:00 | WARN | repo=pv243-a4m36jee-2016-cdi-seminar | action=commit
2025-11-09 17:02:00 | INFO | repo=pv243-a4m36jee-2016-cdi-seminar | action=commit
2025-06-24 19:09:00 | INFO | repo=pv243-a4m36jee-2016-cdi-seminar | action=commit
2025-04-03 17:42:00 | DEBUG | repo=pv243-a4m36jee-2016-cdi-seminar | action=commit
2025-02-03 18:08:00 | WARN | repo=pv243-a4m36jee-2016-cdi-seminar | action=test | passed=true
2025-07-07 18:46:00 | INFO | repo=pv243-a4m36jee-2016-cdi-seminar | action=commit
2025-04-24 07:58:00 | INFO | repo=pv243-a4m36jee-2016-cdi-seminar | action=commit
2025-10-09 08:01:00 | WARN | repo=pv243-a4m36jee-2016-cdi-seminar | action=pull
2025-06-28 08:41:00 | DEBUG | repo=pv243-a4m36jee-2016-cdi-seminar | action=edit | files=4
2025-03-06 15:30:00 | INFO | repo=pv243-a4m36jee-2016-cdi-seminar | action=pull
2025-05-21 09:31:00 | INFO | repo=pv243-a4m36jee-2016-cdi-seminar | action=edit | files=2
2025-03-24 10:31:00 | WARN | repo=pv243-a4m36jee-2016-cdi-seminar | action=commit
2025-11-13 12:04:00 | DEBUG | repo=pv243-a4m36jee-2016-cdi-seminar | action=commit
2025-07-21 07:17:00 | INFO | repo=pv243-a4m36jee-2016-cdi-seminar | action=commit
2025-08-26 16:55:00 | WARN | repo=pv243-a4m36jee-2016-cdi-seminar | action=test | passed=true
2025-11-04 11:02:00 | INFO | repo=pv243-a4m36jee-2016-cdi-seminar | action=edit | files=1
2025-06-05 19:22:00 | WARN | repo=pv243-a4m36jee-2016-cdi-seminar | action=commit
2025-03-27 10:05:00 | INFO | repo=pv243-a4m36jee-2016-cdi-seminar | action=commit
2025-06-12 08:38:00 | WARN | repo=pv243-a4m36jee-2016-cdi-seminar | action=edit | files=4
2025-08-15 19:31:00 | INFO | repo=pv243-a4m36jee-2016-cdi-seminar | action=edit | files=1
2025-02-10 12:01:00 | WARN | repo=pv243-a4m36jee-2016-cdi-seminar | action=commit
2025-08-04 11:03:00 | WARN | repo=pv243-a4m36jee-2016-cdi-seminar | action=commit
